<?xml version='1.0' encoding='utf-8'?>
<testsuite name="Synapse" tests="98">
  <testcase name="alloc_pressure" classname="BENCHMARK" time="0.006" />
  <testcase name="branch_stress" classname="BENCHMARK" time="0.012" />
  <testcase name="closure_capture" classname="BENCHMARK" time="0.058" />
  <testcase name="dispatch_stress" classname="BENCHMARK" time="0.038" />
  <testcase name="global_bench" classname="BENCHMARK" time="0.076" />
  <testcase name="map_stress" classname="BENCHMARK" time="0.017" />
  <testcase name="native_call_bench" classname="BENCHMARK" time="0.012" />
  <testcase name="real_world_auto" classname="BENCHMARK" time="0.006" />
  <testcase name="stack_churn" classname="BENCHMARK" time="0.012" />
  <testcase name="stress_10_fib25" classname="BENCHMARK" time="0.013" />
  <testcase name="stress_11_list_access" classname="BENCHMARK" time="0.005" />
  <testcase name="stress_1_arithmetic" classname="BENCHMARK" time="0.008" />
  <testcase name="stress_2_fib20" classname="BENCHMARK" time="0.004" />
  <testcase name="stress_3_string_concat" classname="BENCHMARK" time="0.030" />
  <testcase name="stress_4_coercion" classname="BENCHMARK" time="0.005" />
  <testcase name="stress_5_tuples" classname="BENCHMARK" time="0.004" />
  <testcase name="stress_6_nested_scopes" classname="BENCHMARK" time="0.003" />
  <testcase name="stress_7_func_calls" classname="BENCHMARK" time="0.009" />
  <testcase name="stress_8_list_literal" classname="BENCHMARK" time="0.003" />
  <testcase name="stress_9_complex_expr" classname="BENCHMARK" time="0.011" />
  <testcase name="string_concat" classname="BENCHMARK" time="0.194" />
  <testcase name="string_equality" classname="BENCHMARK" time="0.097" />
  <testcase name="string_equality_local" classname="BENCHMARK" time="0.065" />
  <testcase name="string_equality_long" classname="BENCHMARK" time="0.499" />
  <testcase name="string_noop" classname="BENCHMARK" time="0.036" />
  <testcase name="arity_mismatch" classname="CONFORMANCE" time="0.003" />
  <testcase name="associativity" classname="CONFORMANCE" time="0.004" />
  <testcase name="closures" classname="CONFORMANCE" time="0.003" />
  <testcase name="coercion" classname="CONFORMANCE" time="0.004" />
  <testcase name="collections" classname="CONFORMANCE" time="0.005" />
  <testcase name="comments" classname="CONFORMANCE" time="0.004" />
  <testcase name="complex_math" classname="CONFORMANCE" time="0.003" />
  <testcase name="control_flow" classname="CONFORMANCE" time="0.004" />
  <testcase name="deep_math" classname="CONFORMANCE" time="0.003" />
  <testcase name="deep_scope" classname="CONFORMANCE" time="0.004" />
  <testcase name="err_div_zero" classname="CONFORMANCE" time="0.003" />
  <testcase name="err_not_callable" classname="CONFORMANCE" time="0.006" />
  <testcase name="err_undefined" classname="CONFORMANCE" time="0.005" />
  <testcase name="err_wrong_args" classname="CONFORMANCE" time="0.003" />
  <testcase name="error_cases" classname="CONFORMANCE" time="0.003" />
  <testcase name="escapes" classname="CONFORMANCE" time="0.003" />
  <testcase name="functions_extra" classname="CONFORMANCE" time="0.003" />
  <testcase name="heavy_duty" classname="CONFORMANCE" time="0.003" />
  <testcase name="huge_identifier" classname="CONFORMANCE" time="0.004" />
  <testcase name="input_bool" classname="CONFORMANCE" time="0.003" />
  <testcase name="input_float" classname="CONFORMANCE" time="0.003" />
  <testcase name="input_int" classname="CONFORMANCE" time="0.003" />
  <testcase name="input_str" classname="CONFORMANCE" time="0.004" />
  <testcase name="invalid_char" classname="CONFORMANCE" time="0.002" />
  <testcase name="line_numbers" classname="CONFORMANCE" time="0.004" />
  <testcase name="logical_ops" classname="CONFORMANCE" time="0.004" />
  <testcase name="loop_edge" classname="CONFORMANCE" time="0.003" />
  <testcase name="math_stress" classname="CONFORMANCE" time="0.003" />
  <testcase name="mutation" classname="CONFORMANCE" time="0.004" />
  <testcase name="numeric_overflow" classname="CONFORMANCE" time="0.004" />
  <testcase name="oal_errors" classname="CONFORMANCE" time="0.003" />
  <testcase name="precedence" classname="CONFORMANCE" time="0.004" />
  <testcase name="recursion" classname="CONFORMANCE" time="0.003" />
  <testcase name="redefinition" classname="CONFORMANCE" time="0.003" />
  <testcase name="shadowing" classname="CONFORMANCE" time="0.003" />
  <testcase name="small_ident" classname="CONFORMANCE" time="0.003" />
  <testcase name="stack_exhaustion" classname="CONFORMANCE" time="0.003" />
  <testcase name="stress_500" classname="CONFORMANCE" time="0.007" />
  <testcase name="string_interning" classname="CONFORMANCE" time="0.003" />
  <testcase name="string_multiline" classname="CONFORMANCE" time="0.003" />
  <testcase name="string_ops" classname="CONFORMANCE" time="0.003" />
  <testcase name="strings" classname="CONFORMANCE" time="0.003" />
  <testcase name="truthiness" classname="CONFORMANCE" time="0.003" />
  <testcase name="type_error_int_to_bool" classname="CONFORMANCE" time="0.003" />
  <testcase name="type_error_str_to_int" classname="CONFORMANCE" time="0.003" />
  <testcase name="type_mismatch" classname="CONFORMANCE" time="0.004" />
  <testcase name="types" classname="CONFORMANCE" time="0.003" />
  <testcase name="unicode" classname="CONFORMANCE" time="0.003" />
  <testcase name="unterminated_string" classname="CONFORMANCE" time="0.003" />
  <testcase name="weird_whitespace" classname="CONFORMANCE" time="0.003" />
  <testcase name="arithmetic" classname="FUNCTIONAL" time="0.003" />
  <testcase name="closures" classname="FUNCTIONAL" time="0.003" />
  <testcase name="compound_assign" classname="FUNCTIONAL" time="0.003" />
  <testcase name="debug_now" classname="FUNCTIONAL" time="0.003" />
  <testcase name="diag_mouse" classname="FUNCTIONAL" time="0.003" />
  <testcase name="div_zero" classname="FUNCTIONAL" time="0.004" />
  <testcase name="functions" classname="FUNCTIONAL" time="0.004" />
  <testcase name="if_else" classname="FUNCTIONAL" time="0.003" />
  <testcase name="input_test" classname="FUNCTIONAL" time="0.003" />
  <testcase name="keyboard" classname="FUNCTIONAL" time="0.004" />
  <testcase name="lexer_error" classname="FUNCTIONAL" time="0.003" />
  <testcase name="logic_compare" classname="FUNCTIONAL" time="0.003" />
  <testcase name="loops" classname="FUNCTIONAL" time="0.003" />
  <testcase name="mouse" classname="FUNCTIONAL" time="0.004" />
  <testcase name="stability" classname="FUNCTIONAL" time="0.004" />
  <testcase name="syntax_error" classname="FUNCTIONAL" time="0.003" />
  <testcase name="test_vm" classname="FUNCTIONAL" time="0.003" />
  <testcase name="test_vm_fib" classname="FUNCTIONAL" time="0.015" />
  <testcase name="test_vm_loop" classname="FUNCTIONAL" time="0.004" />
  <testcase name="try_catch" classname="FUNCTIONAL" time="0.005" />
  <testcase name="undefined_var" classname="FUNCTIONAL" time="0.003" />
  <testcase name="vars_literals" classname="FUNCTIONAL" time="0.005" />
  <testcase name="wrong_args" classname="FUNCTIONAL" time="0.004" />
</testsuite>